
MAP_START
xtttttttttttttttttttttttttttttttttttttttttttttttttttttttttttttx
xwwwwwwwwwwwwwwwwwwwwwwwwpwwwwwwwwwwwwwwwwwwwwBwwwwwwwwwwwwwwwx
xwwwwwwwwwwwwwwwwwwwwwwwwwwwwwwwwwwwwwwwwwwwwwwwwwwwwwwwwwwwwwx
xwwwwwwwwwwwwwwwwwwwwwwwwwwwwwwwwwwwwwwwwwwwwwwwwwwwwwwwwwwwwwx
xwwwwwwwwwwwwwwwwwwwwwwwwwwwwwwwwwwwwwwwwwwwwwwwwwwwwwwwwwwwwwx
xwwwwwwwwwwwwwwwwwwwwwwwwwwwwwwwwwwwwwwwwwwwwwwwwwwwwwwwwwwwwwx
xwwwwwwwwwwwwwwwwwwwwwwwwwwwwwwwwwwwwwwwwwwwwwwwwwwwwwwwwwwwwwx
xbbbbbbbbbbbbbbbbbbbbbbbbbbbbbbbbbbbbbbbbbbbbbbbbbbbbbbbbbbbbbx
MAP_END


metadata {

    x: {
        tiles: assets/tiles/arena_wall.png,
        passable:false,
        collectable:false,
        other: nil
    }

    b: {
        tiles: assets/tiles/arena_wall_bottom.png,
        passable:false,
        collectable:false,
        other: nil
    }

        t: {
        tiles: assets/tiles/arena_wall_top.png,
        passable:false,
        collectable:false,
        other: nil
    }


    w: {
        tiles:[

            assets/tiles/arena_floor.png,
            
        ],
        passable:true,
        collectable:false,
        other: nil

    }




            p: {
        tiles:nil
          passable:nil,
        collectable:nil,
        other: spawn_point=[player1,player2]

    }
    e: {
        tiles:nil
          passable:true,
        collectable:nil,
        other: spawn_point=enemy_slug,spawn_time_offset=1300

    }
    B: {
    tiles:nil
        passable:true,
    collectable:nil,
    other: spawn_condition=three_enemy_waves_cleared

}


}
