MAP_START
xxxxxxxxxxxxxxxxxxxxxxxxxxxxxxxxxxxxxxxxxxxxxxxxxxxxxxxxxxxxxxxxxxxxxxxxxxxxxxxxxxxxxxxxxxxxxxxxxxxxxxxxxxxxxxxxxxxxxxxxxxxxxxxxxxxxxxxxxxxxxxxxxxxxxxx
xxxxxxxxxxxxxxxxxxxxxxxxxxxxxxxxxxxxxxxxxxxxxxxxxxxxxxxxxxxxxxxxxxxwcggxxxxxxxxxxxxxxxxxxxxxxxxxxxxxxxxxxxxxxxxxxxxxxxxxxxxxxxxxxxxxxxxxxxxxxxxxxxxxxxx
xxxxxxxxxxxxxxxxxxxxxxxxxxxxxxxxxxxxxxxxxxxxxxxxxxxxxxxxxxxxxxxxxxxwwwwxxxxxxxxxxxxxxxxxxxxxxxxxxxxxxxxxxxxxxxxxxxxxxxxxxxxxxxxxxxxxxxxxxxxxxxxxxxxdxxx
xwwwwwswwwwwwwwwfwwwgwwwwwwwwwwcwwwwwwwwfwwwwwcwwwwwwwwwwwewwwwwwwwwwwwwwwwwwwwwwgwwwwwwwwwwwwwwwwcwwwwwwwwewwwwwhwwwwwwwwwwwwwwwwwewwwwwwwwwwwwwwwwwwx
xpwwwwwwwhwwwwwwwwwwwwwwwwhwwwwwwwwwwwwwwcwwwwwwwwwwwwwewwwwwwwwwwwwwwwwwfwwwwwwwwwwwwwwwwewwwwwwwwwwwwwwwwwwwwwwwwwwwwwwwwwwwwwwwwewwwwwwwwwwwwwwwwwwx
xwwwwwwwwwwwwwwwwwwwwwwwwwwwwwwewwwwwwwwwwwwwwwwwwwwwwwwwwewwwwwwwwwwwwwwwwwwwwwwwfwwwwwwwwwwwwwwwwwwwwwwwwewwwwwwwwwwwwwwwwwwwwwwwewwwwwwgwwwwwwwwwwwx
xxxxxxxxxxxxxxxxxxxxxxxxxxxxxxxxxxxxxxxxxxxxxxxxwwxxxxxxxxxxxxxxxxxxxxxxxxxxxxxxxxxxxxxxxxxxxxxxxxxxxxxxxxxxxxxxxxxxxxxxxxxxxxxxxxxxxxxxxxxxxxxxxxxxxxx
xxxxxxxxxxxxxxxxxxxxxxxxxxxxxxxxxxxxxxxxxxxxxxxxwwxxxxxxxxxxxxxxxxxxxxxxxxxxxxxxxxxxxxxxxxxxxxxxxxxxxxxxxxxxxxxxxxxxxxxxxxxxxxxxxxxxxxxxxxxxxxxxxxxxxxx
xxxxxxxxxxxxxxxxxxxxxxxxxxxxxxxxxxxxxxxxxxxxxxxxwwwwwwwkxxxxxxxxxxxxxxxxxxxxxxxxxxxxxxxxxxxxxxxxxxxxxxxxxxxxxxxxxxxxxxxxxxxxxxxxxxxxxxxxxxxxxxxxxxxxxxx
xxxxxxxxxxxxxxxxxxxxxxxxxxxxxxxxxxxxxxxxxxxxxxxxwwwwwwwcxxxxxxxxxxxxxxxxxxxxxxxxxxxxxxxxxxxxxxxxxxxxxxxxxxxxxxxxxxxxxxxxxxxxxxxxxxxxxxxxxxxxxxxxxxxxxxx
xxxxxxxxxxxxxxxxxxxxxxxxxxxxxxxxxxxxxxxxxxxxxxxxxxxxxxxxxxxxxxxxxxxxxxxxxxxxxxxxxxxxxxxxxxxxxxxxxxxxxxxxxxxxxxxxxxxxxxxxxxxxxxxxxxxxxxxxxxxxxxxxxxxxxxx
MAP_END


metadata {

    x: {
        tiles: assets/tiles/tile_0019.png,
        passable:false,
        collectable:false,
        other: nil
    }

    w: {
        tiles:[

            assets/tiles/tile_0065.png,
            assets/tiles/tile_0064.png
        ],
        passable:true,
        collectable:false,
        other: nil

    }

    d: {
        tiles:assets/sprites/door_unlocked_opens_3x16x16.png,
          passable:true,
        collectable:false,
        other: to_room=arena.map,animation=true, condition=enemies_cleared && has_key

    }



            p: {
        tiles:nil
          passable:nil,
        collectable:nil,
        other: spawn_point=[player1,player2]

    }
    e: {
        tiles:nil
          passable:true,
        collectable:nil,
        other: spawn_point=enemy_slug,spawn_time_offset=1300

    }

        g: {
        tiles:assets/tiles/decorative_rock.png
          passable:true,
        collectable:nil,
        other: nil

    }

        h: {
        tiles:assets/sprites/health_pickup.png
          passable:true,
        collectable:true,
        other: amount_healed=15

    }

     f: {
        tiles:nil
          passable:true,
        collectable:nil,
        other: spawn_point=enemy_fly,spawn_time_offset=1300

    }
     c: {
        tiles:nil
          passable:true,
        collectable:nil,
        other: spawn_point=enemy_crazy_bunny,spawn_time_offset=1300

    }
            k: {
        tiles:assets/sprites/key.png
          passable:true,
        collectable:true,
        other: number_of_uses=1

    }
    s: {
      tiles:assets/sprites/sighn_says_find_the_key.png
      passable:false,
      collectable:false,
      other: can_interact=true, message="Find the key"
    }
}
